2025-08-11 11:06:28,067 - Knowledge - INFO - Redis support added with prefix knowledge:b96666d:
2025-08-11 11:06:28,534 - Knowledge - INFO - load persisted knowledge: begin
2025-08-11 11:06:28,546 - Knowledge - INFO - load persisted knowledge: end
2025-08-11 11:06:28,546 - Knowledge - INFO - load persisted docinfo: begin
2025-08-11 11:06:28,549 - Knowledge - INFO - load persisted docinfo: end
2025-08-11 11:06:28,564 - Knowledge - INFO - worker kw1 created with dedicated MongoDB connection (total: 1)
2025-08-11 11:06:28,564 - Knowledge - INFO - knowledge worker kw1 start
2025-08-11 11:06:28,564 - Knowledge - INFO - worker kw1 pull /app/data/b2c/4334/b96666d/react-notes-app-4334/src/App.js from ingest queue
2025-08-11 11:06:28,568 - Knowledge - INFO - worker kw2 created with dedicated MongoDB connection (total: 2)
2025-08-11 11:06:28,569 - Knowledge - INFO - knowledge worker kw2 start
2025-08-11 11:06:28,569 - Knowledge - INFO - worker kw2 pull /app/data/b2c/4334/b96666d/react-notes-app-4334/src/components/NotesList.js from ingest queue
2025-08-11 11:06:28,571 - Knowledge - INFO - worker kw3 created with dedicated MongoDB connection (total: 3)
2025-08-11 11:06:28,571 - Knowledge - INFO - knowledge worker kw3 start
2025-08-11 11:06:28,572 - Knowledge - INFO - worker kw3 pull /app/data/b2c/4334/b96666d/react-notes-app-4334/src/components/Header.js from ingest queue
2025-08-11 11:06:28,577 - Knowledge - INFO - worker kw4 created with dedicated MongoDB connection (total: 4)
2025-08-11 11:06:28,578 - Knowledge - INFO - knowledge worker kw4 start
2025-08-11 11:06:28,581 - Knowledge - INFO - worker kw5 created with dedicated MongoDB connection (total: 5)
2025-08-11 11:06:28,581 - Knowledge - INFO - worker kw4 pull /app/data/b2c/4334/b96666d/react-notes-app-4334/src/components/AddNote.js from ingest queue
2025-08-11 11:06:28,582 - Knowledge - INFO - knowledge worker kw5 start
2025-08-11 11:06:28,585 - Knowledge - INFO - worker kw6 created with dedicated MongoDB connection (total: 6)
2025-08-11 11:06:28,586 - Knowledge - INFO - knowledge worker kw6 start
2025-08-11 11:06:28,587 - Knowledge - INFO - worker kw7 created with dedicated MongoDB connection (total: 7)
2025-08-11 11:06:28,588 - Knowledge - INFO - knowledge worker kw7 start
2025-08-11 11:06:28,616 - Knowledge - INFO - worker kw8 created with dedicated MongoDB connection (total: 8)
2025-08-11 11:06:28,618 - Knowledge - INFO - knowledge worker kw8 start
2025-08-11 11:06:28,636 - Knowledge - INFO - worker kw7 pull /app/data/b2c/4334/b96666d/react-notes-app-4334/src/components/Note.js from ingest queue
2025-08-11 11:06:28,640 - Knowledge - INFO - worker kw8 pull /app/data/b2c/4334/b96666d/react-notes-app-4334/src/components/Search.js from ingest queue
2025-08-11 11:06:28,648 - Knowledge - INFO - worker kw5 pull /app/data/b2c/4334/b96666d/react-notes-app-4334/src/index.js from ingest queue
2025-08-11 11:06:28,648 - Knowledge - INFO - worker kw6 pull /app/data/b2c/4334/b96666d/react-notes-app-4334/src/index.css from ingest queue
2025-08-11 11:06:28,654 - Knowledge - INFO - worker kw9 created with dedicated MongoDB connection (total: 9)
2025-08-11 11:06:28,656 - Knowledge - INFO - knowledge worker kw9 start
2025-08-11 11:06:28,660 - Knowledge - INFO - worker kw10 created with dedicated MongoDB connection (total: 10)
2025-08-11 11:06:28,660 - Knowledge - INFO - worker kw9 pull /app/data/b2c/4334/b96666d/react-notes-app-4334/package.json from ingest queue
2025-08-11 11:06:28,661 - Knowledge - INFO - knowledge worker kw10 start
2025-08-11 11:06:28,662 - Knowledge - INFO - worker kw10 pull /app/data/b2c/4334/b96666d/react-notes-app-4334/README.md from ingest queue
2025-08-11 11:06:28,675 - Knowledge - INFO - worker kw11 created with dedicated MongoDB connection (total: 11)
2025-08-11 11:06:28,675 - Knowledge - INFO - knowledge worker kw11 start
2025-08-11 11:06:28,678 - Knowledge - INFO - worker kw11 pull /app/data/b2c/4334/b96666d/react-notes-app-4334/public/index.html from ingest queue
2025-08-11 11:06:28,680 - Knowledge - INFO - worker kw12 created with dedicated MongoDB connection (total: 12)
2025-08-11 11:06:28,680 - Knowledge - INFO - knowledge worker kw12 start
2025-08-11 11:06:28,687 - Knowledge - INFO - worker kw13 created with dedicated MongoDB connection (total: 13)
2025-08-11 11:06:28,688 - Knowledge - INFO - knowledge worker kw13 start
2025-08-11 11:06:28,743 - Knowledge - INFO - worker kw12 pull /app/data/b2c/4334/b96666d/react-notes-app-4334/public/robots.txt from ingest queue
2025-08-11 11:06:28,749 - Knowledge - INFO - worker kw13 pull /app/data/b2c/4334/b96666d/react-notes-app-4334/public/manifest.json from ingest queue
2025-08-11 11:06:29,112 - Knowledge - INFO - process ingested knowledge for /app/data/b2c/4334/b96666d/react-notes-app-4334/src/App.js
2025-08-11 11:06:29,171 - Knowledge - INFO - Found code-base-name: https://github.com/kavia-common/react-notes-app-4334.git:kavia-master
2025-08-11 11:06:29,171 - Knowledge - INFO - Found code_base: <app.utils.kg_build.knowledge.KnowledgeCodeBase object at 0x7f4b98703f10>
2025-08-11 11:06:29,171 - Knowledge - INFO - persist ingested knowledge for /app/data/b2c/4334/b96666d/react-notes-app-4334/src/App.js
2025-08-11 11:06:29,175 - Knowledge - INFO - process ingested knowledge for /app/data/b2c/4334/b96666d/react-notes-app-4334/public/index.html
2025-08-11 11:06:29,182 - Knowledge - INFO - process ingested knowledge for /app/data/b2c/4334/b96666d/react-notes-app-4334/src/components/Search.js
2025-08-11 11:06:29,187 - Knowledge - INFO - process ingested knowledge for /app/data/b2c/4334/b96666d/react-notes-app-4334/public/manifest.json
2025-08-11 11:06:29,243 - Knowledge - INFO - process ingested knowledge for /app/data/b2c/4334/b96666d/react-notes-app-4334/package.json
2025-08-11 11:06:29,244 - Knowledge - INFO - process ingested knowledge for /app/data/b2c/4334/b96666d/react-notes-app-4334/README.md
2025-08-11 11:06:29,264 - Knowledge - INFO - process ingested knowledge for /app/data/b2c/4334/b96666d/react-notes-app-4334/src/components/Header.js
2025-08-11 11:06:29,266 - Knowledge - INFO - process ingested knowledge for /app/data/b2c/4334/b96666d/react-notes-app-4334/src/components/NotesList.js
2025-08-11 11:06:29,268 - Knowledge - INFO - process ingested knowledge for /app/data/b2c/4334/b96666d/react-notes-app-4334/public/robots.txt
2025-08-11 11:06:29,270 - Knowledge - INFO - process ingested knowledge for /app/data/b2c/4334/b96666d/react-notes-app-4334/src/components/AddNote.js
2025-08-11 11:06:29,272 - Knowledge - INFO - process ingested knowledge for /app/data/b2c/4334/b96666d/react-notes-app-4334/src/components/Note.js
2025-08-11 11:06:29,274 - Knowledge - INFO - process ingested knowledge for /app/data/b2c/4334/b96666d/react-notes-app-4334/src/index.js
2025-08-11 11:06:29,288 - Knowledge - INFO - process ingested knowledge for /app/data/b2c/4334/b96666d/react-notes-app-4334/src/index.css
2025-08-11 11:06:29,442 - Knowledge - INFO - adding /app/data/b2c/4334/b96666d/react-notes-app-4334/src/App.js to ingest queue
2025-08-11 11:06:29,443 - Knowledge - INFO - Found code-base-name: https://github.com/kavia-common/react-notes-app-4334.git:kavia-master
2025-08-11 11:06:29,443 - Knowledge - INFO - Found code_base: <app.utils.kg_build.knowledge.KnowledgeCodeBase object at 0x7f4b98703f10>
2025-08-11 11:06:29,443 - Knowledge - INFO - persist ingested knowledge for /app/data/b2c/4334/b96666d/react-notes-app-4334/public/index.html
2025-08-11 11:06:29,652 - Knowledge - INFO - Found code-base-name: https://github.com/kavia-common/react-notes-app-4334.git:kavia-master
2025-08-11 11:06:29,653 - Knowledge - INFO - Found code_base: <app.utils.kg_build.knowledge.KnowledgeCodeBase object at 0x7f4b98703f10>
2025-08-11 11:06:29,653 - Knowledge - INFO - persist ingested knowledge for /app/data/b2c/4334/b96666d/react-notes-app-4334/package.json
2025-08-11 11:06:29,653 - Knowledge - INFO - Found code-base-name: https://github.com/kavia-common/react-notes-app-4334.git:kavia-master
2025-08-11 11:06:29,653 - Knowledge - INFO - Found code_base: <app.utils.kg_build.knowledge.KnowledgeCodeBase object at 0x7f4b98703f10>
2025-08-11 11:06:29,654 - Knowledge - INFO - persist ingested knowledge for /app/data/b2c/4334/b96666d/react-notes-app-4334/README.md
2025-08-11 11:06:29,654 - Knowledge - INFO - Found code-base-name: https://github.com/kavia-common/react-notes-app-4334.git:kavia-master
2025-08-11 11:06:29,654 - Knowledge - INFO - Found code_base: <app.utils.kg_build.knowledge.KnowledgeCodeBase object at 0x7f4b98703f10>
2025-08-11 11:06:29,654 - Knowledge - INFO - persist ingested knowledge for /app/data/b2c/4334/b96666d/react-notes-app-4334/src/components/Note.js
2025-08-11 11:06:29,654 - Knowledge - INFO - Found code-base-name: https://github.com/kavia-common/react-notes-app-4334.git:kavia-master
2025-08-11 11:06:29,654 - Knowledge - INFO - Found code_base: <app.utils.kg_build.knowledge.KnowledgeCodeBase object at 0x7f4b98703f10>
2025-08-11 11:06:29,654 - Knowledge - INFO - persist ingested knowledge for /app/data/b2c/4334/b96666d/react-notes-app-4334/src/index.js
2025-08-11 11:06:29,655 - Knowledge - INFO - Found code-base-name: https://github.com/kavia-common/react-notes-app-4334.git:kavia-master
2025-08-11 11:06:29,655 - Knowledge - INFO - Found code_base: <app.utils.kg_build.knowledge.KnowledgeCodeBase object at 0x7f4b98703f10>
2025-08-11 11:06:29,655 - Knowledge - INFO - persist ingested knowledge for /app/data/b2c/4334/b96666d/react-notes-app-4334/public/robots.txt
2025-08-11 11:06:29,655 - Knowledge - INFO - Found code-base-name: https://github.com/kavia-common/react-notes-app-4334.git:kavia-master
2025-08-11 11:06:29,655 - Knowledge - INFO - Found code_base: <app.utils.kg_build.knowledge.KnowledgeCodeBase object at 0x7f4b98703f10>
2025-08-11 11:06:29,655 - Knowledge - INFO - persist ingested knowledge for /app/data/b2c/4334/b96666d/react-notes-app-4334/src/components/NotesList.js
2025-08-11 11:06:29,656 - Knowledge - INFO - Found code-base-name: https://github.com/kavia-common/react-notes-app-4334.git:kavia-master
2025-08-11 11:06:29,656 - Knowledge - INFO - Found code_base: <app.utils.kg_build.knowledge.KnowledgeCodeBase object at 0x7f4b98703f10>
2025-08-11 11:06:29,656 - Knowledge - INFO - persist ingested knowledge for /app/data/b2c/4334/b96666d/react-notes-app-4334/src/components/AddNote.js
2025-08-11 11:06:29,657 - Knowledge - INFO - Found code-base-name: https://github.com/kavia-common/react-notes-app-4334.git:kavia-master
2025-08-11 11:06:29,657 - Knowledge - INFO - Found code_base: <app.utils.kg_build.knowledge.KnowledgeCodeBase object at 0x7f4b98703f10>
2025-08-11 11:06:29,658 - Knowledge - INFO - persist ingested knowledge for /app/data/b2c/4334/b96666d/react-notes-app-4334/src/components/Header.js
2025-08-11 11:06:29,659 - Knowledge - INFO - Found code-base-name: https://github.com/kavia-common/react-notes-app-4334.git:kavia-master
2025-08-11 11:06:29,659 - Knowledge - INFO - Found code_base: <app.utils.kg_build.knowledge.KnowledgeCodeBase object at 0x7f4b98703f10>
2025-08-11 11:06:29,659 - Knowledge - INFO - persist ingested knowledge for /app/data/b2c/4334/b96666d/react-notes-app-4334/src/index.css
2025-08-11 11:06:29,660 - Knowledge - INFO - worker kw1 pull /app/data/b2c/4334/b96666d/react-notes-app-4334/src/App.js from ingest queue
2025-08-11 11:06:29,660 - Knowledge - INFO - Thread kw1 - File App.js - Remaining files in queue: 0
2025-08-11 11:06:29,661 - Knowledge - INFO - start ingest for /app/data/b2c/4334/b96666d/react-notes-app-4334/src/App.js
2025-08-11 11:06:29,661 - Knowledge - INFO - Found code-base-name: https://github.com/kavia-common/react-notes-app-4334.git:kavia-master
2025-08-11 11:06:29,662 - Knowledge - INFO - Found code_base: <app.utils.kg_build.knowledge.KnowledgeCodeBase object at 0x7f4b98703f10>
2025-08-11 11:06:29,662 - Knowledge - INFO - persist ingested knowledge for /app/data/b2c/4334/b96666d/react-notes-app-4334/src/components/Search.js
2025-08-11 11:06:29,783 - Knowledge - INFO - adding /app/data/b2c/4334/b96666d/react-notes-app-4334/package.json to ingest queue
2025-08-11 11:06:29,785 - Knowledge - INFO - adding /app/data/b2c/4334/b96666d/react-notes-app-4334/public/index.html to ingest queue
2025-08-11 11:06:30,847 - Knowledge - INFO - Found code-base-name: https://github.com/kavia-common/react-notes-app-4334.git:kavia-master
2025-08-11 11:06:30,847 - Knowledge - INFO - Found code_base: <app.utils.kg_build.knowledge.KnowledgeCodeBase object at 0x7f4b98703f10>
2025-08-11 11:06:30,847 - Knowledge - INFO - persist ingested knowledge for /app/data/b2c/4334/b96666d/react-notes-app-4334/public/manifest.json
2025-08-11 11:06:31,235 - Knowledge - INFO - worker kw9 pull /app/data/b2c/4334/b96666d/react-notes-app-4334/package.json from ingest queue
2025-08-11 11:06:31,236 - Knowledge - INFO - Thread kw9 - File package.json - Remaining files in queue: 1
2025-08-11 11:06:31,243 - Knowledge - INFO - start ingest for /app/data/b2c/4334/b96666d/react-notes-app-4334/package.json
2025-08-11 11:06:31,244 - Knowledge - INFO - worker kw11 pull /app/data/b2c/4334/b96666d/react-notes-app-4334/public/index.html from ingest queue
2025-08-11 11:06:31,244 - Knowledge - INFO - Thread kw11 - File index.html - Remaining files in queue: 0
2025-08-11 11:06:31,244 - Knowledge - INFO - start ingest for /app/data/b2c/4334/b96666d/react-notes-app-4334/public/index.html
2025-08-11 11:06:31,258 - Knowledge - INFO - Fast-track processing for simple file: /app/data/b2c/4334/b96666d/react-notes-app-4334/package.json
2025-08-11 11:06:31,258 - Knowledge - INFO - done fast ingest for /app/data/b2c/4334/b96666d/react-notes-app-4334/package.json
2025-08-11 11:06:31,258 - Knowledge - INFO - process ingested knowledge for /app/data/b2c/4334/b96666d/react-notes-app-4334/package.json
2025-08-11 11:06:31,259 - Knowledge - INFO - adding /app/data/b2c/4334/b96666d/react-notes-app-4334/public/robots.txt to ingest queue
2025-08-11 11:06:31,261 - Knowledge - INFO - adding /app/data/b2c/4334/b96666d/react-notes-app-4334/src/components/NotesList.js to ingest queue
2025-08-11 11:06:31,262 - Knowledge - INFO - adding /app/data/b2c/4334/b96666d/react-notes-app-4334/src/components/AddNote.js to ingest queue
2025-08-11 11:06:31,263 - Knowledge - INFO - adding /app/data/b2c/4334/b96666d/react-notes-app-4334/src/components/Header.js to ingest queue
2025-08-11 11:06:31,264 - Knowledge - INFO - adding /app/data/b2c/4334/b96666d/react-notes-app-4334/src/index.css to ingest queue
2025-08-11 11:06:31,424 - Knowledge - INFO - adding /app/data/b2c/4334/b96666d/react-notes-app-4334/public/manifest.json to ingest queue
2025-08-11 11:06:31,424 - Knowledge - INFO - adding /app/data/b2c/4334/b96666d/react-notes-app-4334/README.md to ingest queue
2025-08-11 11:06:31,424 - Knowledge - INFO - adding /app/data/b2c/4334/b96666d/react-notes-app-4334/src/components/Note.js to ingest queue
2025-08-11 11:06:31,425 - Knowledge - INFO - adding /app/data/b2c/4334/b96666d/react-notes-app-4334/src/index.js to ingest queue
2025-08-11 11:06:31,425 - Knowledge - INFO - Found code-base-name: https://github.com/kavia-common/react-notes-app-4334.git:kavia-master
2025-08-11 11:06:31,425 - Knowledge - INFO - Found code_base: <app.utils.kg_build.knowledge.KnowledgeCodeBase object at 0x7f4b98703f10>
2025-08-11 11:06:31,425 - Knowledge - INFO - persist ingested knowledge for /app/data/b2c/4334/b96666d/react-notes-app-4334/package.json
2025-08-11 11:06:31,742 - Knowledge - INFO - worker kw2 pull /app/data/b2c/4334/b96666d/react-notes-app-4334/public/robots.txt from ingest queue
2025-08-11 11:06:31,742 - Knowledge - INFO - Thread kw2 - File robots.txt - Remaining files in queue: 8
2025-08-11 11:06:31,742 - Knowledge - INFO - start ingest for /app/data/b2c/4334/b96666d/react-notes-app-4334/public/robots.txt
2025-08-11 11:06:31,753 - Knowledge - INFO - worker kw6 pull /app/data/b2c/4334/b96666d/react-notes-app-4334/src/components/NotesList.js from ingest queue
2025-08-11 11:06:31,753 - Knowledge - INFO - Thread kw6 - File NotesList.js - Remaining files in queue: 7
2025-08-11 11:06:31,753 - Knowledge - INFO - start ingest for /app/data/b2c/4334/b96666d/react-notes-app-4334/src/components/NotesList.js
2025-08-11 11:06:31,754 - Knowledge - INFO - worker kw10 pull /app/data/b2c/4334/b96666d/react-notes-app-4334/src/components/AddNote.js from ingest queue
2025-08-11 11:06:31,754 - Knowledge - INFO - Thread kw10 - File AddNote.js - Remaining files in queue: 6
2025-08-11 11:06:31,761 - Knowledge - INFO - worker kw12 pull /app/data/b2c/4334/b96666d/react-notes-app-4334/src/components/Header.js from ingest queue
2025-08-11 11:06:31,762 - Knowledge - INFO - Thread kw12 - File Header.js - Remaining files in queue: 5
2025-08-11 11:06:31,762 - Knowledge - INFO - start ingest for /app/data/b2c/4334/b96666d/react-notes-app-4334/src/components/Header.js
2025-08-11 11:06:31,763 - Knowledge - INFO - worker kw5 pull /app/data/b2c/4334/b96666d/react-notes-app-4334/src/index.css from ingest queue
2025-08-11 11:06:31,763 - Knowledge - INFO - Thread kw5 - File index.css - Remaining files in queue: 4
2025-08-11 11:06:31,763 - Knowledge - INFO - start ingest for /app/data/b2c/4334/b96666d/react-notes-app-4334/src/index.css
2025-08-11 11:06:31,768 - Knowledge - INFO - worker kw4 pull /app/data/b2c/4334/b96666d/react-notes-app-4334/public/manifest.json from ingest queue
2025-08-11 11:06:31,768 - Knowledge - INFO - Thread kw4 - File manifest.json - Remaining files in queue: 3
2025-08-11 11:06:31,769 - Knowledge - INFO - start ingest for /app/data/b2c/4334/b96666d/react-notes-app-4334/public/manifest.json
2025-08-11 11:06:31,774 - Knowledge - INFO - start ingest for /app/data/b2c/4334/b96666d/react-notes-app-4334/src/components/AddNote.js
2025-08-11 11:06:31,775 - Knowledge - INFO - worker kw13 pull /app/data/b2c/4334/b96666d/react-notes-app-4334/README.md from ingest queue
2025-08-11 11:06:31,775 - Knowledge - INFO - Thread kw13 - File README.md - Remaining files in queue: 2
2025-08-11 11:06:31,776 - Knowledge - INFO - start ingest for /app/data/b2c/4334/b96666d/react-notes-app-4334/README.md
2025-08-11 11:06:31,783 - Knowledge - INFO - worker kw9 pull /app/data/b2c/4334/b96666d/react-notes-app-4334/src/components/Note.js from ingest queue
2025-08-11 11:06:31,783 - Knowledge - INFO - Thread kw9 - File Note.js - Remaining files in queue: 1
2025-08-11 11:06:31,783 - Knowledge - INFO - start ingest for /app/data/b2c/4334/b96666d/react-notes-app-4334/src/components/Note.js
2025-08-11 11:06:31,783 - Knowledge - INFO - Fast-track processing for simple file: /app/data/b2c/4334/b96666d/react-notes-app-4334/src/components/NotesList.js
2025-08-11 11:06:31,783 - Knowledge - INFO - done fast ingest for /app/data/b2c/4334/b96666d/react-notes-app-4334/src/components/NotesList.js
2025-08-11 11:06:31,785 - Knowledge - INFO - adding /app/data/b2c/4334/b96666d/react-notes-app-4334/src/components/Search.js to ingest queue
2025-08-11 11:06:31,807 - Knowledge - INFO - Fast-track processing for simple file: /app/data/b2c/4334/b96666d/react-notes-app-4334/public/manifest.json
2025-08-11 11:06:31,807 - Knowledge - INFO - done fast ingest for /app/data/b2c/4334/b96666d/react-notes-app-4334/public/manifest.json
2025-08-11 11:06:31,807 - Knowledge - INFO - process ingested knowledge for /app/data/b2c/4334/b96666d/react-notes-app-4334/public/manifest.json
2025-08-11 11:06:31,808 - Knowledge - INFO - worker kw3 pull /app/data/b2c/4334/b96666d/react-notes-app-4334/src/index.js from ingest queue
2025-08-11 11:06:31,809 - Knowledge - INFO - Thread kw3 - File index.js - Remaining files in queue: 1
2025-08-11 11:06:31,809 - Knowledge - INFO - start ingest for /app/data/b2c/4334/b96666d/react-notes-app-4334/src/index.js
2025-08-11 11:06:31,810 - Knowledge - INFO - worker kw7 pull /app/data/b2c/4334/b96666d/react-notes-app-4334/src/components/Search.js from ingest queue
2025-08-11 11:06:31,810 - Knowledge - INFO - Thread kw7 - File Search.js - Remaining files in queue: 0
2025-08-11 11:06:31,812 - Knowledge - INFO - start ingest for /app/data/b2c/4334/b96666d/react-notes-app-4334/src/components/Search.js
2025-08-11 11:06:31,822 - Knowledge - INFO - Fast-track processing for simple file: /app/data/b2c/4334/b96666d/react-notes-app-4334/public/robots.txt
2025-08-11 11:06:31,823 - Knowledge - INFO - done fast ingest for /app/data/b2c/4334/b96666d/react-notes-app-4334/public/robots.txt
2025-08-11 11:06:31,823 - Knowledge - INFO - process ingested knowledge for /app/data/b2c/4334/b96666d/react-notes-app-4334/public/robots.txt
2025-08-11 11:06:31,825 - Knowledge - INFO - Fast-track processing for simple file: /app/data/b2c/4334/b96666d/react-notes-app-4334/src/components/Header.js
2025-08-11 11:06:31,825 - Knowledge - INFO - done fast ingest for /app/data/b2c/4334/b96666d/react-notes-app-4334/src/components/Header.js
2025-08-11 11:06:31,828 - Knowledge - INFO - Found code-base-name: https://github.com/kavia-common/react-notes-app-4334.git:kavia-master
2025-08-11 11:06:31,828 - Knowledge - INFO - Found code_base: <app.utils.kg_build.knowledge.KnowledgeCodeBase object at 0x7f4b98703f10>
2025-08-11 11:06:31,828 - Knowledge - INFO - persist ingested knowledge for /app/data/b2c/4334/b96666d/react-notes-app-4334/public/manifest.json
2025-08-11 11:06:31,842 - Knowledge - INFO - Fast-track processing for simple file: /app/data/b2c/4334/b96666d/react-notes-app-4334/README.md
2025-08-11 11:06:31,842 - Knowledge - INFO - done fast ingest for /app/data/b2c/4334/b96666d/react-notes-app-4334/README.md
2025-08-11 11:06:31,842 - Knowledge - INFO - process ingested knowledge for /app/data/b2c/4334/b96666d/react-notes-app-4334/README.md
2025-08-11 11:06:31,858 - Knowledge - INFO - Fast-track processing for simple file: /app/data/b2c/4334/b96666d/react-notes-app-4334/src/index.js
2025-08-11 11:06:31,858 - Knowledge - INFO - done fast ingest for /app/data/b2c/4334/b96666d/react-notes-app-4334/src/index.js
2025-08-11 11:06:31,859 - Knowledge - INFO - Found code-base-name: https://github.com/kavia-common/react-notes-app-4334.git:kavia-master
2025-08-11 11:06:31,859 - Knowledge - INFO - Found code_base: <app.utils.kg_build.knowledge.KnowledgeCodeBase object at 0x7f4b98703f10>
2025-08-11 11:06:31,859 - Knowledge - INFO - persist ingested knowledge for /app/data/b2c/4334/b96666d/react-notes-app-4334/public/robots.txt
2025-08-11 11:06:31,859 - Knowledge - INFO - Fast-track processing for simple file: /app/data/b2c/4334/b96666d/react-notes-app-4334/src/components/Note.js
2025-08-11 11:06:31,859 - Knowledge - INFO - done fast ingest for /app/data/b2c/4334/b96666d/react-notes-app-4334/src/components/Note.js
2025-08-11 11:06:31,861 - Knowledge - INFO - Fast-track processing for simple file: /app/data/b2c/4334/b96666d/react-notes-app-4334/src/components/Search.js
2025-08-11 11:06:31,861 - Knowledge - INFO - done fast ingest for /app/data/b2c/4334/b96666d/react-notes-app-4334/src/components/Search.js
2025-08-11 11:06:31,863 - Knowledge - INFO - process ingested knowledge for /app/data/b2c/4334/b96666d/react-notes-app-4334/src/components/NotesList.js
2025-08-11 11:06:32,013 - Knowledge - INFO - process ingested knowledge for /app/data/b2c/4334/b96666d/react-notes-app-4334/src/components/Header.js
2025-08-11 11:06:32,021 - Knowledge - INFO - process ingested knowledge for /app/data/b2c/4334/b96666d/react-notes-app-4334/src/index.js
2025-08-11 11:06:32,084 - Knowledge - INFO - process ingested knowledge for /app/data/b2c/4334/b96666d/react-notes-app-4334/src/components/Search.js
2025-08-11 11:06:32,087 - Knowledge - INFO - process ingested knowledge for /app/data/b2c/4334/b96666d/react-notes-app-4334/src/components/Note.js
2025-08-11 11:06:32,352 - Knowledge - INFO - Found code-base-name: https://github.com/kavia-common/react-notes-app-4334.git:kavia-master
2025-08-11 11:06:32,352 - Knowledge - INFO - Found code_base: <app.utils.kg_build.knowledge.KnowledgeCodeBase object at 0x7f4b98703f10>
2025-08-11 11:06:32,352 - Knowledge - INFO - persist ingested knowledge for /app/data/b2c/4334/b96666d/react-notes-app-4334/README.md
2025-08-11 11:06:32,844 - Knowledge - INFO - Found code-base-name: https://github.com/kavia-common/react-notes-app-4334.git:kavia-master
2025-08-11 11:06:32,844 - Knowledge - INFO - Found code_base: <app.utils.kg_build.knowledge.KnowledgeCodeBase object at 0x7f4b98703f10>
2025-08-11 11:06:32,844 - Knowledge - INFO - persist ingested knowledge for /app/data/b2c/4334/b96666d/react-notes-app-4334/src/index.js
2025-08-11 11:06:32,850 - Knowledge - INFO - done ingest for /app/data/b2c/4334/b96666d/react-notes-app-4334/public/index.html
2025-08-11 11:06:32,851 - Knowledge - INFO - process ingested knowledge for /app/data/b2c/4334/b96666d/react-notes-app-4334/public/index.html
2025-08-11 11:06:33,182 - Knowledge - INFO - Found code-base-name: https://github.com/kavia-common/react-notes-app-4334.git:kavia-master
2025-08-11 11:06:33,182 - Knowledge - INFO - Found code_base: <app.utils.kg_build.knowledge.KnowledgeCodeBase object at 0x7f4b98703f10>
2025-08-11 11:06:33,182 - Knowledge - INFO - persist ingested knowledge for /app/data/b2c/4334/b96666d/react-notes-app-4334/src/components/Header.js
2025-08-11 11:06:33,184 - Knowledge - INFO - Found code-base-name: https://github.com/kavia-common/react-notes-app-4334.git:kavia-master
2025-08-11 11:06:33,185 - Knowledge - INFO - Found code_base: <app.utils.kg_build.knowledge.KnowledgeCodeBase object at 0x7f4b98703f10>
2025-08-11 11:06:33,185 - Knowledge - INFO - persist ingested knowledge for /app/data/b2c/4334/b96666d/react-notes-app-4334/src/components/Search.js
2025-08-11 11:06:33,225 - Knowledge - INFO - Found code-base-name: https://github.com/kavia-common/react-notes-app-4334.git:kavia-master
2025-08-11 11:06:33,225 - Knowledge - INFO - Found code_base: <app.utils.kg_build.knowledge.KnowledgeCodeBase object at 0x7f4b98703f10>
2025-08-11 11:06:33,225 - Knowledge - INFO - persist ingested knowledge for /app/data/b2c/4334/b96666d/react-notes-app-4334/src/components/Note.js
2025-08-11 11:06:33,564 - Knowledge - INFO - Found code-base-name: https://github.com/kavia-common/react-notes-app-4334.git:kavia-master
2025-08-11 11:06:33,564 - Knowledge - INFO - Found code_base: <app.utils.kg_build.knowledge.KnowledgeCodeBase object at 0x7f4b98703f10>
2025-08-11 11:06:33,564 - Knowledge - INFO - persist ingested knowledge for /app/data/b2c/4334/b96666d/react-notes-app-4334/src/components/NotesList.js
2025-08-11 11:06:33,771 - Knowledge - INFO - done ingest for /app/data/b2c/4334/b96666d/react-notes-app-4334/src/index.css
2025-08-11 11:06:33,781 - Knowledge - INFO - process ingested knowledge for /app/data/b2c/4334/b96666d/react-notes-app-4334/src/index.css
2025-08-11 11:06:34,738 - Knowledge - INFO - done ingest for /app/data/b2c/4334/b96666d/react-notes-app-4334/src/App.js
2025-08-11 11:06:34,854 - Knowledge - INFO - process ingested knowledge for /app/data/b2c/4334/b96666d/react-notes-app-4334/src/App.js
2025-08-11 11:06:34,931 - Knowledge - INFO - Found code-base-name: https://github.com/kavia-common/react-notes-app-4334.git:kavia-master
2025-08-11 11:06:34,932 - Knowledge - INFO - Found code_base: <app.utils.kg_build.knowledge.KnowledgeCodeBase object at 0x7f4b98703f10>
2025-08-11 11:06:34,932 - Knowledge - INFO - persist ingested knowledge for /app/data/b2c/4334/b96666d/react-notes-app-4334/public/index.html
2025-08-11 11:06:35,365 - Knowledge - INFO - Found code-base-name: https://github.com/kavia-common/react-notes-app-4334.git:kavia-master
2025-08-11 11:06:35,366 - Knowledge - INFO - Found code_base: <app.utils.kg_build.knowledge.KnowledgeCodeBase object at 0x7f4b98703f10>
2025-08-11 11:06:35,366 - Knowledge - INFO - persist ingested knowledge for /app/data/b2c/4334/b96666d/react-notes-app-4334/src/index.css
2025-08-11 11:06:35,687 - Knowledge - INFO - done ingest for /app/data/b2c/4334/b96666d/react-notes-app-4334/src/components/AddNote.js
2025-08-11 11:06:35,725 - Knowledge - INFO - process ingested knowledge for /app/data/b2c/4334/b96666d/react-notes-app-4334/src/components/AddNote.js
2025-08-11 11:06:36,118 - Knowledge - INFO - Found code-base-name: https://github.com/kavia-common/react-notes-app-4334.git:kavia-master
2025-08-11 11:06:36,119 - Knowledge - INFO - Found code_base: <app.utils.kg_build.knowledge.KnowledgeCodeBase object at 0x7f4b98703f10>
2025-08-11 11:06:36,119 - Knowledge - INFO - persist ingested knowledge for /app/data/b2c/4334/b96666d/react-notes-app-4334/src/components/AddNote.js
2025-08-11 11:06:36,853 - Knowledge - INFO - persist search terms embedding for src/components/AddNote.js
2025-08-11 11:06:36,863 - Knowledge - INFO - Found code-base-name: https://github.com/kavia-common/react-notes-app-4334.git:kavia-master
2025-08-11 11:06:36,864 - Knowledge - INFO - Found code_base: <app.utils.kg_build.knowledge.KnowledgeCodeBase object at 0x7f4b98703f10>
2025-08-11 11:06:36,864 - Knowledge - INFO - persist ingested knowledge for /app/data/b2c/4334/b96666d/react-notes-app-4334/src/App.js
2025-08-11 11:06:37,353 - Knowledge - INFO - persist search terms embedding for src/App.js
2025-08-11 11:06:37,359 - Knowledge - INFO - Knowledge creation complete
2025-08-11 11:06:37,360 - Knowledge - INFO - Updating org costs, total cost: 0.0009372
2025-08-11 11:06:38,324 - Knowledge - INFO - Saving knowledge to Redis...
2025-08-11 11:06:38,344 - Knowledge - INFO - Knowledge saved to Redis successfully
